GowinSynthesis start
Running parser ...
Analyzing Verilog file 'D:\Source\git\Mini-4-Channel-AWG\build\blinky.v'
Compiling module 'blinky'("D:\Source\git\Mini-4-Channel-AWG\build\blinky.v":4)
WARN  (EX3780) : Using initial value of '$auto$verilog_backend.cc:2355:dump_module$1' since it is never assigned("D:\Source\git\Mini-4-Channel-AWG\build\blinky.v":5)
Compiling module 'blinky.cd_sync'("D:\Source\git\Mini-4-Channel-AWG\build\blinky.v":79)
Compiling module 'blinky.cd_sync.clk_buf'("D:\Source\git\Mini-4-Channel-AWG\build\blinky.v":98)
Compiling module 'blinky.cd_sync.clk_buf.buf'("D:\Source\git\Mini-4-Channel-AWG\build\blinky.v":111)
Compiling module 'blinky.cd_sync.reset_sync'("D:\Source\git\Mini-4-Channel-AWG\build\blinky.v":122)
NOTE  (EX0101) : Current top module is "blinky"
WARN  (NL0001) : Sweep user defined dangling instance "cd_sync/clk_buf/buf/buf0"("D:\Source\git\Mini-4-Channel-AWG\build\blinky.v":119)
[5%] Running netlist conversion ...
WARN  (CV0016) : Input clk27_0__io is unused("D:\Source\git\Mini-4-Channel-AWG\build\blinky.v":15)
Running device independent optimization ...
[10%] Optimizing Phase 0 completed
[15%] Optimizing Phase 1 completed
[25%] Optimizing Phase 2 completed
Running inference ...
[30%] Inferring Phase 0 completed
[40%] Inferring Phase 1 completed
[50%] Inferring Phase 2 completed
[55%] Inferring Phase 3 completed
Running technical mapping ...
[60%] Tech-Mapping Phase 0 completed
[65%] Tech-Mapping Phase 1 completed
[75%] Tech-Mapping Phase 2 completed
[80%] Tech-Mapping Phase 3 completed
[90%] Tech-Mapping Phase 4 completed
WARN  (NL0002) : The module "blinky.cd_sync" instantiated to "cd_sync" is swept in optimizing("D:\Source\git\Mini-4-Channel-AWG\build\blinky.v":36)
WARN  (NL0002) : The module "blinky.cd_sync.clk_buf" instantiated to "clk_buf" is swept in optimizing("D:\Source\git\Mini-4-Channel-AWG\build\blinky.v":90)
WARN  (NL0002) : The module "blinky.cd_sync.clk_buf.buf" instantiated to "buf" is swept in optimizing("D:\Source\git\Mini-4-Channel-AWG\build\blinky.v":107)
WARN  (NL0002) : The module "blinky.cd_sync.reset_sync" instantiated to "reset_sync" is swept in optimizing("D:\Source\git\Mini-4-Channel-AWG\build\blinky.v":94)
[95%] Generate netlist file "D:\Source\git\Mini-4-Channel-AWG\build\impl\gwsynthesis\project.vg" completed
[100%] Generate report file "D:\Source\git\Mini-4-Channel-AWG\build\impl\gwsynthesis\project_syn.rpt.html" completed
GowinSynthesis finish
